// Jest Snapshot v1, https://goo.gl/fbAQLP

exports[`filter out patient resource with missing info only 1`] = `
Object {
  "active": true,
  "address": Array [
    Object {
      "city": "PleasantVille",
      "country": "US",
      "line": Array [
        "534 Erewhon St",
      ],
      "postalCode": "3999",
      "state": "Vic",
      "use": "home",
    },
  ],
  "birthDate": "Sat Dec 14 1963 00:00:00 GMT+0000 (Greenwich Mean Time)",
  "communication": Array [
    Object {
      "language": Object {
        "coding": Array [
          Object {
            "code": "en-US",
            "display": "English (United States)",
            "system": "http://hl7.org/fhir/ValueSet/languages",
          },
        ],
      },
    },
  ],
  "gender": "male",
  "generalPractitioner": Array [
    Object {
      "reference": "Practitioner/smart-Practitioner-71081332",
    },
  ],
  "id": "example",
  "identifier": Array [
    Object {
      "assigner": Object {
        "display": "Acme Healthcare",
      },
      "period": Object {
        "start": "2001-05-06",
      },
      "system": "urn:oid:1.2.36.146.595.217.0.1",
      "type": Object {
        "coding": Array [
          Object {
            "code": "MR",
            "system": "http://hl7.org/fhir/v2/0203",
          },
        ],
      },
      "use": "usual",
      "value": "12345",
    },
  ],
  "link": Array [
    Object {
      "target": Object {
        "display": "Peter Chalmers",
        "reference": "RelatedPerson/peter",
      },
    },
    Object {
      "target": Object {
        "display": "Peter Chalmers",
        "reference": "Patient/example",
      },
    },
  ],
  "name": Array [
    Object {
      "family": "Chalmers",
      "given": Array [
        "Peter",
        "James",
      ],
      "use": "official",
    },
    Object {
      "given": Array [
        "Jim",
      ],
      "use": "usual",
    },
  ],
  "resourceType": "Patient",
  "telecom": Array [
    Object {
      "use": "home",
    },
    Object {
      "system": "phone",
      "use": "work",
      "value": "(03) 5555 6473",
    },
    Object {
      "system": "email",
      "use": "home",
      "value": "Jim@example.org",
    },
  ],
  "text": Object {
    "div": "<div xmlns=\\"http://www.w3.org/1999/xhtml\\">
      <table>
        <tbody>
          <tr>
            <td>Name</td>
            <td>Peter James <b>Chalmers</b> (&quot;Jim&quot;)</td>
          </tr>
          <tr>
            <td>Address</td>
            <td>534 Erewhon, Pleasantville, Vic, 3999</td>
          </tr>
          <tr>
            <td>Contacts</td>
            <td>Home: unknown. Work: (03) 5555 6473</td>
          </tr>
          <tr>
            <td>Id</td>
            <td>MRN: 12345 (Acme Healthcare)</td>
          </tr>
        </tbody>
      </table>
    </div>",
    "status": "generated",
  },
}
`;
