// Jest Snapshot v1, https://goo.gl/fbAQLP

exports[`map FHIR Appointment resource to calendar data model 1`] = `
Object {
  "comment": "Further expand on whether chemo is working or other options need to be explored",
  "description": "Discussion on progress of chemotherapy treatment",
  "end": 2019-01-24T11:00:00.000Z,
  "id": "example4",
  "location": "West Wing, first floor",
  "patient": "John Edward Smith",
  "practitioner": "Dr Michelle Doctors",
  "priority": 5,
  "reason": "General Discussion",
  "start": 2019-01-24T09:00:00.000Z,
  "status": "booked",
  "title": "Chemo progress report",
}
`;

exports[`map FHIR Patient resource to internal user data model 1`] = `
Object {
  "birthDate": 1985-08-01T00:00:00.000Z,
  "careProvider": "Physician Family Medicine",
  "email": "open@epic.com",
  "gender": "male",
  "language": "English",
  "name": "Jason Argonaut",
  "phone": Array [
    Object {
      "system": "phone",
      "use": "home",
      "value": "608-271-9000",
    },
    Object {
      "system": "phone",
      "use": "work",
      "value": "608-771-9000",
    },
    Object {
      "system": "phone",
      "use": "mobile",
      "value": "608-771-9000",
    },
    Object {
      "period": Object {
        "end": "2014-08-04T00:00:00Z",
        "start": "2011-08-04T00:00:00Z",
      },
      "system": "phone",
      "use": "temp",
      "value": "608-771-9000",
    },
  ],
  "role": "Patient",
}
`;
